[    20s] units: {'A': 1000, 'B': 2541} km²
[    20s] known places: 16 (13 precise); in search area: 9
[    20s]     place  n  precise formation  in_area  km_to_units
0       1  3     True    Luning     True         0.00
1       2  2     True    Luning    False         2.85
2       3  1     True    Luning     True         0.00
3       4  1     True     Gabbs     True         0.00
4       5  2    False              False        38.92
5       6  2     True    Favret     True         0.18
6       7  2     True    Favret     True         0.00
7       8  1    False    Favret     True         0.00
8       9  1     True    Favret     True         0.00
9      10  1     True    Favret     True         0.66
10     11  5    False     Prida    False         2.78
11     12  2     True              False         2.31
12     13  2     True     Prida     True         0.00
13     14  1     True              False         1.03
14     15  1     True              False         4.14
15     16  1     True              False         1.31
[    21s] tiles: 274
[    35s]   retry 0 HTTP Error 504: Gateway Timeout https://overpass-api.de/api/interpreter
[    49s]   retry 1 HTTP Error 504: Gateway Timeout https://overpass-api.de/api/interpreter
[    89s] Berlin-Ichthyosaur State Park: 0.3 km²
[    90s] prefetched 1/274
[    90s] prefetched 26/274
[    90s] prefetched 51/274
[    91s] prefetched 76/274
[    91s] prefetched 101/274
[    91s] prefetched 126/274
[    91s] prefetched 151/274
[    92s] prefetched 176/274
[    92s] prefetched 201/274
[    92s] prefetched 226/274
[    92s] prefetched 251/274
[    93s] tile 1/274: cells in area 64596
[    93s] tile 11/274: cells in area 76437
[    94s] tile 21/274: cells in area 6547
[    95s] tile 31/274: cells in area 19556
[    96s] tile 41/274: cells in area 15542
[    97s] tile 51/274: cells in area 12866
[    97s] tile 61/274: cells in area 8082
[    98s] tile 71/274: cells in area 81524
[    99s] tile 81/274: cells in area 601
[   100s] tile 91/274: cells in area 58243
[   100s] tile 101/274: cells in area 7485
[   101s] tile 111/274: cells in area 3710
[   102s] tile 121/274: cells in area 21505
[   103s] tile 131/274: cells in area 12377
[   104s] tile 141/274: cells in area 30131
[   104s] tile 151/274: cells in area 79185
[   105s] tile 161/274: cells in area 17646
[   106s] tile 171/274: cells in area 12545
[   107s] tile 181/274: cells in area 3624
[   108s] tile 191/274: cells in area 36323
[   108s] tile 201/274: cells in area 1588
[   109s] tile 211/274: cells in area 30373
[   110s] tile 221/274: cells in area 43910
[   111s] tile 231/274: cells in area 14827
[   112s] tile 241/274: cells in area 61134
[   112s] tile 251/274: cells in area 64824
[   113s] tile 261/274: cells in area 8229
[   114s] tile 271/274: cells in area 12646
[   114s] tiles with data: 274, missing: 0; background sample: 94870
[   114s] places with features: 15
[   115s] training places: 8
[   119s] logistic: held-out places' median percentile 0.68; top 10%: 3/9; top 25%: 4/9
[   167s] forest: held-out places' median percentile 0.71; top 10%: 0/9; top 25%: 3/9
[   167s] exposure: held-out places' median percentile 0.45; top 10%: 0/9; top 25%: 0/9
[   215s] forest_no_distance: held-out places' median percentile 0.73; top 10%: 0/9; top 25%: 4/9
[   258s] forest_terrain: held-out places' median percentile 0.45; top 10%: 0/9; top 25%: 0/9
[   297s] forest_satellite: held-out places' median percentile 0.67; top 10%: 1/9; top 25%: 4/9
[   323s] distance_only: held-out places' median percentile 0.61; top 10%: 1/9; top 25%: 1/9
[   323s] model: forest on all features (ablations above for comparison)
/home/runner/work/project-paleowave/project-paleowave/tools/v4/model.py:440: RuntimeWarning: All-NaN slice encountered
  blk = np.nanmax(pct[: n * 3, : n * 3].reshape(n, 3, n, 3).swapaxes(1, 2).reshape(n, n, 9), axis=2) if np.isfinite(pct).any() else None
/home/runner/work/project-paleowave/project-paleowave/tools/v4/model.py:440: RuntimeWarning: All-NaN slice encountered
  blk = np.nanmax(pct[: n * 3, : n * 3].reshape(n, 3, n, 3).swapaxes(1, 2).reshape(n, n, 9), axis=2) if np.isfinite(pct).any() else None
/home/runner/work/project-paleowave/project-paleowave/tools/v4/model.py:440: RuntimeWarning: All-NaN slice encountered
  blk = np.nanmax(pct[: n * 3, : n * 3].reshape(n, 3, n, 3).swapaxes(1, 2).reshape(n, n, 9), axis=2) if np.isfinite(pct).any() else None
/home/runner/work/project-paleowave/project-paleowave/tools/v4/model.py:440: RuntimeWarning: All-NaN slice encountered
  blk = np.nanmax(pct[: n * 3, : n * 3].reshape(n, 3, n, 3).swapaxes(1, 2).reshape(n, n, 9), axis=2) if np.isfinite(pct).any() else None
/home/runner/work/project-paleowave/project-paleowave/tools/v4/model.py:440: RuntimeWarning: All-NaN slice encountered
  blk = np.nanmax(pct[: n * 3, : n * 3].reshape(n, 3, n, 3).swapaxes(1, 2).reshape(n, n, 9), axis=2) if np.isfinite(pct).any() else None
/home/runner/work/project-paleowave/project-paleowave/tools/v4/model.py:440: RuntimeWarning: All-NaN slice encountered
  blk = np.nanmax(pct[: n * 3, : n * 3].reshape(n, 3, n, 3).swapaxes(1, 2).reshape(n, n, 9), axis=2) if np.isfinite(pct).any() else None
/home/runner/work/project-paleowave/project-paleowave/tools/v4/model.py:440: RuntimeWarning: All-NaN slice encountered
  blk = np.nanmax(pct[: n * 3, : n * 3].reshape(n, 3, n, 3).swapaxes(1, 2).reshape(n, n, 9), axis=2) if np.isfinite(pct).any() else None
/home/runner/work/project-paleowave/project-paleowave/tools/v4/model.py:440: RuntimeWarning: All-NaN slice encountered
  blk = np.nanmax(pct[: n * 3, : n * 3].reshape(n, 3, n, 3).swapaxes(1, 2).reshape(n, n, 9), axis=2) if np.isfinite(pct).any() else None
/home/runner/work/project-paleowave/project-paleowave/tools/v4/model.py:440: RuntimeWarning: All-NaN slice encountered
  blk = np.nanmax(pct[: n * 3, : n * 3].reshape(n, 3, n, 3).swapaxes(1, 2).reshape(n, n, 9), axis=2) if np.isfinite(pct).any() else None
/home/runner/work/project-paleowave/project-paleowave/tools/v4/model.py:440: RuntimeWarning: All-NaN slice encountered
  blk = np.nanmax(pct[: n * 3, : n * 3].reshape(n, 3, n, 3).swapaxes(1, 2).reshape(n, n, 9), axis=2) if np.isfinite(pct).any() else None
/home/runner/work/project-paleowave/project-paleowave/tools/v4/model.py:440: RuntimeWarning: All-NaN slice encountered
  blk = np.nanmax(pct[: n * 3, : n * 3].reshape(n, 3, n, 3).swapaxes(1, 2).reshape(n, n, 9), axis=2) if np.isfinite(pct).any() else None
/home/runner/work/project-paleowave/project-paleowave/tools/v4/model.py:440: RuntimeWarning: All-NaN slice encountered
  blk = np.nanmax(pct[: n * 3, : n * 3].reshape(n, 3, n, 3).swapaxes(1, 2).reshape(n, n, 9), axis=2) if np.isfinite(pct).any() else None
/home/runner/work/project-paleowave/project-paleowave/tools/v4/model.py:440: RuntimeWarning: All-NaN slice encountered
  blk = np.nanmax(pct[: n * 3, : n * 3].reshape(n, 3, n, 3).swapaxes(1, 2).reshape(n, n, 9), axis=2) if np.isfinite(pct).any() else None
/home/runner/work/project-paleowave/project-paleowave/tools/v4/model.py:440: RuntimeWarning: All-NaN slice encountered
  blk = np.nanmax(pct[: n * 3, : n * 3].reshape(n, 3, n, 3).swapaxes(1, 2).reshape(n, n, 9), axis=2) if np.isfinite(pct).any() else None
/home/runner/work/project-paleowave/project-paleowave/tools/v4/model.py:440: RuntimeWarning: All-NaN slice encountered
  blk = np.nanmax(pct[: n * 3, : n * 3].reshape(n, 3, n, 3).swapaxes(1, 2).reshape(n, n, 9), axis=2) if np.isfinite(pct).any() else None
/home/runner/work/project-paleowave/project-paleowave/tools/v4/model.py:440: RuntimeWarning: All-NaN slice encountered
  blk = np.nanmax(pct[: n * 3, : n * 3].reshape(n, 3, n, 3).swapaxes(1, 2).reshape(n, n, 9), axis=2) if np.isfinite(pct).any() else None
/home/runner/work/project-paleowave/project-paleowave/tools/v4/model.py:440: RuntimeWarning: All-NaN slice encountered
  blk = np.nanmax(pct[: n * 3, : n * 3].reshape(n, 3, n, 3).swapaxes(1, 2).reshape(n, n, 9), axis=2) if np.isfinite(pct).any() else None
/home/runner/work/project-paleowave/project-paleowave/tools/v4/model.py:440: RuntimeWarning: All-NaN slice encountered
  blk = np.nanmax(pct[: n * 3, : n * 3].reshape(n, 3, n, 3).swapaxes(1, 2).reshape(n, n, 9), axis=2) if np.isfinite(pct).any() else None
/home/runner/work/project-paleowave/project-paleowave/tools/v4/model.py:440: RuntimeWarning: All-NaN slice encountered
  blk = np.nanmax(pct[: n * 3, : n * 3].reshape(n, 3, n, 3).swapaxes(1, 2).reshape(n, n, 9), axis=2) if np.isfinite(pct).any() else None
/home/runner/work/project-paleowave/project-paleowave/tools/v4/model.py:440: RuntimeWarning: All-NaN slice encountered
  blk = np.nanmax(pct[: n * 3, : n * 3].reshape(n, 3, n, 3).swapaxes(1, 2).reshape(n, n, 9), axis=2) if np.isfinite(pct).any() else None
/home/runner/work/project-paleowave/project-paleowave/tools/v4/model.py:440: RuntimeWarning: All-NaN slice encountered
  blk = np.nanmax(pct[: n * 3, : n * 3].reshape(n, 3, n, 3).swapaxes(1, 2).reshape(n, n, 9), axis=2) if np.isfinite(pct).any() else None
/home/runner/work/project-paleowave/project-paleowave/tools/v4/model.py:440: RuntimeWarning: All-NaN slice encountered
  blk = np.nanmax(pct[: n * 3, : n * 3].reshape(n, 3, n, 3).swapaxes(1, 2).reshape(n, n, 9), axis=2) if np.isfinite(pct).any() else None
/home/runner/work/project-paleowave/project-paleowave/tools/v4/model.py:440: RuntimeWarning: All-NaN slice encountered
  blk = np.nanmax(pct[: n * 3, : n * 3].reshape(n, 3, n, 3).swapaxes(1, 2).reshape(n, n, 9), axis=2) if np.isfinite(pct).any() else None
/home/runner/work/project-paleowave/project-paleowave/tools/v4/model.py:440: RuntimeWarning: All-NaN slice encountered
  blk = np.nanmax(pct[: n * 3, : n * 3].reshape(n, 3, n, 3).swapaxes(1, 2).reshape(n, n, 9), axis=2) if np.isfinite(pct).any() else None
/home/runner/work/project-paleowave/project-paleowave/tools/v4/model.py:440: RuntimeWarning: All-NaN slice encountered
  blk = np.nanmax(pct[: n * 3, : n * 3].reshape(n, 3, n, 3).swapaxes(1, 2).reshape(n, n, 9), axis=2) if np.isfinite(pct).any() else None
/home/runner/work/project-paleowave/project-paleowave/tools/v4/model.py:440: RuntimeWarning: All-NaN slice encountered
  blk = np.nanmax(pct[: n * 3, : n * 3].reshape(n, 3, n, 3).swapaxes(1, 2).reshape(n, n, 9), axis=2) if np.isfinite(pct).any() else None
/home/runner/work/project-paleowave/project-paleowave/tools/v4/model.py:440: RuntimeWarning: All-NaN slice encountered
  blk = np.nanmax(pct[: n * 3, : n * 3].reshape(n, 3, n, 3).swapaxes(1, 2).reshape(n, n, 9), axis=2) if np.isfinite(pct).any() else None
/home/runner/work/project-paleowave/project-paleowave/tools/v4/model.py:440: RuntimeWarning: All-NaN slice encountered
  blk = np.nanmax(pct[: n * 3, : n * 3].reshape(n, 3, n, 3).swapaxes(1, 2).reshape(n, n, 9), axis=2) if np.isfinite(pct).any() else None
/home/runner/work/project-paleowave/project-paleowave/tools/v4/model.py:440: RuntimeWarning: All-NaN slice encountered
  blk = np.nanmax(pct[: n * 3, : n * 3].reshape(n, 3, n, 3).swapaxes(1, 2).reshape(n, n, 9), axis=2) if np.isfinite(pct).any() else None
/home/runner/work/project-paleowave/project-paleowave/tools/v4/model.py:440: RuntimeWarning: All-NaN slice encountered
  blk = np.nanmax(pct[: n * 3, : n * 3].reshape(n, 3, n, 3).swapaxes(1, 2).reshape(n, n, 9), axis=2) if np.isfinite(pct).any() else None
/home/runner/work/project-paleowave/project-paleowave/tools/v4/model.py:440: RuntimeWarning: All-NaN slice encountered
  blk = np.nanmax(pct[: n * 3, : n * 3].reshape(n, 3, n, 3).swapaxes(1, 2).reshape(n, n, 9), axis=2) if np.isfinite(pct).any() else None
/home/runner/work/project-paleowave/project-paleowave/tools/v4/model.py:440: RuntimeWarning: All-NaN slice encountered
  blk = np.nanmax(pct[: n * 3, : n * 3].reshape(n, 3, n, 3).swapaxes(1, 2).reshape(n, n, 9), axis=2) if np.isfinite(pct).any() else None
/home/runner/work/project-paleowave/project-paleowave/tools/v4/model.py:440: RuntimeWarning: All-NaN slice encountered
  blk = np.nanmax(pct[: n * 3, : n * 3].reshape(n, 3, n, 3).swapaxes(1, 2).reshape(n, n, 9), axis=2) if np.isfinite(pct).any() else None
/home/runner/work/project-paleowave/project-paleowave/tools/v4/model.py:440: RuntimeWarning: All-NaN slice encountered
  blk = np.nanmax(pct[: n * 3, : n * 3].reshape(n, 3, n, 3).swapaxes(1, 2).reshape(n, n, 9), axis=2) if np.isfinite(pct).any() else None
/home/runner/work/project-paleowave/project-paleowave/tools/v4/model.py:440: RuntimeWarning: All-NaN slice encountered
  blk = np.nanmax(pct[: n * 3, : n * 3].reshape(n, 3, n, 3).swapaxes(1, 2).reshape(n, n, 9), axis=2) if np.isfinite(pct).any() else None
/home/runner/work/project-paleowave/project-paleowave/tools/v4/model.py:440: RuntimeWarning: All-NaN slice encountered
  blk = np.nanmax(pct[: n * 3, : n * 3].reshape(n, 3, n, 3).swapaxes(1, 2).reshape(n, n, 9), axis=2) if np.isfinite(pct).any() else None
/home/runner/work/project-paleowave/project-paleowave/tools/v4/model.py:440: RuntimeWarning: All-NaN slice encountered
  blk = np.nanmax(pct[: n * 3, : n * 3].reshape(n, 3, n, 3).swapaxes(1, 2).reshape(n, n, 9), axis=2) if np.isfinite(pct).any() else None
/home/runner/work/project-paleowave/project-paleowave/tools/v4/model.py:440: RuntimeWarning: All-NaN slice encountered
  blk = np.nanmax(pct[: n * 3, : n * 3].reshape(n, 3, n, 3).swapaxes(1, 2).reshape(n, n, 9), axis=2) if np.isfinite(pct).any() else None
/home/runner/work/project-paleowave/project-paleowave/tools/v4/model.py:440: RuntimeWarning: All-NaN slice encountered
  blk = np.nanmax(pct[: n * 3, : n * 3].reshape(n, 3, n, 3).swapaxes(1, 2).reshape(n, n, 9), axis=2) if np.isfinite(pct).any() else None
/home/runner/work/project-paleowave/project-paleowave/tools/v4/model.py:440: RuntimeWarning: All-NaN slice encountered
  blk = np.nanmax(pct[: n * 3, : n * 3].reshape(n, 3, n, 3).swapaxes(1, 2).reshape(n, n, 9), axis=2) if np.isfinite(pct).any() else None
/home/runner/work/project-paleowave/project-paleowave/tools/v4/model.py:440: RuntimeWarning: All-NaN slice encountered
  blk = np.nanmax(pct[: n * 3, : n * 3].reshape(n, 3, n, 3).swapaxes(1, 2).reshape(n, n, 9), axis=2) if np.isfinite(pct).any() else None
/home/runner/work/project-paleowave/project-paleowave/tools/v4/model.py:440: RuntimeWarning: All-NaN slice encountered
  blk = np.nanmax(pct[: n * 3, : n * 3].reshape(n, 3, n, 3).swapaxes(1, 2).reshape(n, n, 9), axis=2) if np.isfinite(pct).any() else None
/home/runner/work/project-paleowave/project-paleowave/tools/v4/model.py:440: RuntimeWarning: All-NaN slice encountered
  blk = np.nanmax(pct[: n * 3, : n * 3].reshape(n, 3, n, 3).swapaxes(1, 2).reshape(n, n, 9), axis=2) if np.isfinite(pct).any() else None
/home/runner/work/project-paleowave/project-paleowave/tools/v4/model.py:440: RuntimeWarning: All-NaN slice encountered
  blk = np.nanmax(pct[: n * 3, : n * 3].reshape(n, 3, n, 3).swapaxes(1, 2).reshape(n, n, 9), axis=2) if np.isfinite(pct).any() else None
/home/runner/work/project-paleowave/project-paleowave/tools/v4/model.py:440: RuntimeWarning: All-NaN slice encountered
  blk = np.nanmax(pct[: n * 3, : n * 3].reshape(n, 3, n, 3).swapaxes(1, 2).reshape(n, n, 9), axis=2) if np.isfinite(pct).any() else None
/home/runner/work/project-paleowave/project-paleowave/tools/v4/model.py:440: RuntimeWarning: All-NaN slice encountered
  blk = np.nanmax(pct[: n * 3, : n * 3].reshape(n, 3, n, 3).swapaxes(1, 2).reshape(n, n, 9), axis=2) if np.isfinite(pct).any() else None
/home/runner/work/project-paleowave/project-paleowave/tools/v4/model.py:440: RuntimeWarning: All-NaN slice encountered
  blk = np.nanmax(pct[: n * 3, : n * 3].reshape(n, 3, n, 3).swapaxes(1, 2).reshape(n, n, 9), axis=2) if np.isfinite(pct).any() else None
/home/runner/work/project-paleowave/project-paleowave/tools/v4/model.py:440: RuntimeWarning: All-NaN slice encountered
  blk = np.nanmax(pct[: n * 3, : n * 3].reshape(n, 3, n, 3).swapaxes(1, 2).reshape(n, n, 9), axis=2) if np.isfinite(pct).any() else None
/home/runner/work/project-paleowave/project-paleowave/tools/v4/model.py:440: RuntimeWarning: All-NaN slice encountered
  blk = np.nanmax(pct[: n * 3, : n * 3].reshape(n, 3, n, 3).swapaxes(1, 2).reshape(n, n, 9), axis=2) if np.isfinite(pct).any() else None
/home/runner/work/project-paleowave/project-paleowave/tools/v4/model.py:440: RuntimeWarning: All-NaN slice encountered
  blk = np.nanmax(pct[: n * 3, : n * 3].reshape(n, 3, n, 3).swapaxes(1, 2).reshape(n, n, 9), axis=2) if np.isfinite(pct).any() else None
/home/runner/work/project-paleowave/project-paleowave/tools/v4/model.py:440: RuntimeWarning: All-NaN slice encountered
  blk = np.nanmax(pct[: n * 3, : n * 3].reshape(n, 3, n, 3).swapaxes(1, 2).reshape(n, n, 9), axis=2) if np.isfinite(pct).any() else None
/home/runner/work/project-paleowave/project-paleowave/tools/v4/model.py:440: RuntimeWarning: All-NaN slice encountered
  blk = np.nanmax(pct[: n * 3, : n * 3].reshape(n, 3, n, 3).swapaxes(1, 2).reshape(n, n, 9), axis=2) if np.isfinite(pct).any() else None
/home/runner/work/project-paleowave/project-paleowave/tools/v4/model.py:440: RuntimeWarning: All-NaN slice encountered
  blk = np.nanmax(pct[: n * 3, : n * 3].reshape(n, 3, n, 3).swapaxes(1, 2).reshape(n, n, 9), axis=2) if np.isfinite(pct).any() else None
/home/runner/work/project-paleowave/project-paleowave/tools/v4/model.py:440: RuntimeWarning: All-NaN slice encountered
  blk = np.nanmax(pct[: n * 3, : n * 3].reshape(n, 3, n, 3).swapaxes(1, 2).reshape(n, n, 9), axis=2) if np.isfinite(pct).any() else None
/home/runner/work/project-paleowave/project-paleowave/tools/v4/model.py:440: RuntimeWarning: All-NaN slice encountered
  blk = np.nanmax(pct[: n * 3, : n * 3].reshape(n, 3, n, 3).swapaxes(1, 2).reshape(n, n, 9), axis=2) if np.isfinite(pct).any() else None
/home/runner/work/project-paleowave/project-paleowave/tools/v4/model.py:440: RuntimeWarning: All-NaN slice encountered
  blk = np.nanmax(pct[: n * 3, : n * 3].reshape(n, 3, n, 3).swapaxes(1, 2).reshape(n, n, 9), axis=2) if np.isfinite(pct).any() else None
/home/runner/work/project-paleowave/project-paleowave/tools/v4/model.py:440: RuntimeWarning: All-NaN slice encountered
  blk = np.nanmax(pct[: n * 3, : n * 3].reshape(n, 3, n, 3).swapaxes(1, 2).reshape(n, n, 9), axis=2) if np.isfinite(pct).any() else None
/home/runner/work/project-paleowave/project-paleowave/tools/v4/model.py:440: RuntimeWarning: All-NaN slice encountered
  blk = np.nanmax(pct[: n * 3, : n * 3].reshape(n, 3, n, 3).swapaxes(1, 2).reshape(n, n, 9), axis=2) if np.isfinite(pct).any() else None
/home/runner/work/project-paleowave/project-paleowave/tools/v4/model.py:440: RuntimeWarning: All-NaN slice encountered
  blk = np.nanmax(pct[: n * 3, : n * 3].reshape(n, 3, n, 3).swapaxes(1, 2).reshape(n, n, 9), axis=2) if np.isfinite(pct).any() else None
/home/runner/work/project-paleowave/project-paleowave/tools/v4/model.py:440: RuntimeWarning: All-NaN slice encountered
  blk = np.nanmax(pct[: n * 3, : n * 3].reshape(n, 3, n, 3).swapaxes(1, 2).reshape(n, n, 9), axis=2) if np.isfinite(pct).any() else None
/home/runner/work/project-paleowave/project-paleowave/tools/v4/model.py:440: RuntimeWarning: All-NaN slice encountered
  blk = np.nanmax(pct[: n * 3, : n * 3].reshape(n, 3, n, 3).swapaxes(1, 2).reshape(n, n, 9), axis=2) if np.isfinite(pct).any() else None
/home/runner/work/project-paleowave/project-paleowave/tools/v4/model.py:440: RuntimeWarning: All-NaN slice encountered
  blk = np.nanmax(pct[: n * 3, : n * 3].reshape(n, 3, n, 3).swapaxes(1, 2).reshape(n, n, 9), axis=2) if np.isfinite(pct).any() else None
/home/runner/work/project-paleowave/project-paleowave/tools/v4/model.py:440: RuntimeWarning: All-NaN slice encountered
  blk = np.nanmax(pct[: n * 3, : n * 3].reshape(n, 3, n, 3).swapaxes(1, 2).reshape(n, n, 9), axis=2) if np.isfinite(pct).any() else None
/home/runner/work/project-paleowave/project-paleowave/tools/v4/model.py:440: RuntimeWarning: All-NaN slice encountered
  blk = np.nanmax(pct[: n * 3, : n * 3].reshape(n, 3, n, 3).swapaxes(1, 2).reshape(n, n, 9), axis=2) if np.isfinite(pct).any() else None
/home/runner/work/project-paleowave/project-paleowave/tools/v4/model.py:440: RuntimeWarning: All-NaN slice encountered
  blk = np.nanmax(pct[: n * 3, : n * 3].reshape(n, 3, n, 3).swapaxes(1, 2).reshape(n, n, 9), axis=2) if np.isfinite(pct).any() else None
/home/runner/work/project-paleowave/project-paleowave/tools/v4/model.py:440: RuntimeWarning: All-NaN slice encountered
  blk = np.nanmax(pct[: n * 3, : n * 3].reshape(n, 3, n, 3).swapaxes(1, 2).reshape(n, n, 9), axis=2) if np.isfinite(pct).any() else None
/home/runner/work/project-paleowave/project-paleowave/tools/v4/model.py:440: RuntimeWarning: All-NaN slice encountered
  blk = np.nanmax(pct[: n * 3, : n * 3].reshape(n, 3, n, 3).swapaxes(1, 2).reshape(n, n, 9), axis=2) if np.isfinite(pct).any() else None
/home/runner/work/project-paleowave/project-paleowave/tools/v4/model.py:440: RuntimeWarning: All-NaN slice encountered
  blk = np.nanmax(pct[: n * 3, : n * 3].reshape(n, 3, n, 3).swapaxes(1, 2).reshape(n, n, 9), axis=2) if np.isfinite(pct).any() else None
/home/runner/work/project-paleowave/project-paleowave/tools/v4/model.py:440: RuntimeWarning: All-NaN slice encountered
  blk = np.nanmax(pct[: n * 3, : n * 3].reshape(n, 3, n, 3).swapaxes(1, 2).reshape(n, n, 9), axis=2) if np.isfinite(pct).any() else None
/home/runner/work/project-paleowave/project-paleowave/tools/v4/model.py:440: RuntimeWarning: All-NaN slice encountered
  blk = np.nanmax(pct[: n * 3, : n * 3].reshape(n, 3, n, 3).swapaxes(1, 2).reshape(n, n, 9), axis=2) if np.isfinite(pct).any() else None
/home/runner/work/project-paleowave/project-paleowave/tools/v4/model.py:440: RuntimeWarning: All-NaN slice encountered
  blk = np.nanmax(pct[: n * 3, : n * 3].reshape(n, 3, n, 3).swapaxes(1, 2).reshape(n, n, 9), axis=2) if np.isfinite(pct).any() else None
/home/runner/work/project-paleowave/project-paleowave/tools/v4/model.py:440: RuntimeWarning: All-NaN slice encountered
  blk = np.nanmax(pct[: n * 3, : n * 3].reshape(n, 3, n, 3).swapaxes(1, 2).reshape(n, n, 9), axis=2) if np.isfinite(pct).any() else None
/home/runner/work/project-paleowave/project-paleowave/tools/v4/model.py:440: RuntimeWarning: All-NaN slice encountered
  blk = np.nanmax(pct[: n * 3, : n * 3].reshape(n, 3, n, 3).swapaxes(1, 2).reshape(n, n, 9), axis=2) if np.isfinite(pct).any() else None
/home/runner/work/project-paleowave/project-paleowave/tools/v4/model.py:440: RuntimeWarning: All-NaN slice encountered
  blk = np.nanmax(pct[: n * 3, : n * 3].reshape(n, 3, n, 3).swapaxes(1, 2).reshape(n, n, 9), axis=2) if np.isfinite(pct).any() else None
/home/runner/work/project-paleowave/project-paleowave/tools/v4/model.py:440: RuntimeWarning: All-NaN slice encountered
  blk = np.nanmax(pct[: n * 3, : n * 3].reshape(n, 3, n, 3).swapaxes(1, 2).reshape(n, n, 9), axis=2) if np.isfinite(pct).any() else None
/home/runner/work/project-paleowave/project-paleowave/tools/v4/model.py:440: RuntimeWarning: All-NaN slice encountered
  blk = np.nanmax(pct[: n * 3, : n * 3].reshape(n, 3, n, 3).swapaxes(1, 2).reshape(n, n, 9), axis=2) if np.isfinite(pct).any() else None
/home/runner/work/project-paleowave/project-paleowave/tools/v4/model.py:440: RuntimeWarning: All-NaN slice encountered
  blk = np.nanmax(pct[: n * 3, : n * 3].reshape(n, 3, n, 3).swapaxes(1, 2).reshape(n, n, 9), axis=2) if np.isfinite(pct).any() else None
/home/runner/work/project-paleowave/project-paleowave/tools/v4/model.py:440: RuntimeWarning: All-NaN slice encountered
  blk = np.nanmax(pct[: n * 3, : n * 3].reshape(n, 3, n, 3).swapaxes(1, 2).reshape(n, n, 9), axis=2) if np.isfinite(pct).any() else None
/home/runner/work/project-paleowave/project-paleowave/tools/v4/model.py:440: RuntimeWarning: All-NaN slice encountered
  blk = np.nanmax(pct[: n * 3, : n * 3].reshape(n, 3, n, 3).swapaxes(1, 2).reshape(n, n, 9), axis=2) if np.isfinite(pct).any() else None
/home/runner/work/project-paleowave/project-paleowave/tools/v4/model.py:440: RuntimeWarning: All-NaN slice encountered
  blk = np.nanmax(pct[: n * 3, : n * 3].reshape(n, 3, n, 3).swapaxes(1, 2).reshape(n, n, 9), axis=2) if np.isfinite(pct).any() else None
/home/runner/work/project-paleowave/project-paleowave/tools/v4/model.py:440: RuntimeWarning: All-NaN slice encountered
  blk = np.nanmax(pct[: n * 3, : n * 3].reshape(n, 3, n, 3).swapaxes(1, 2).reshape(n, n, 9), axis=2) if np.isfinite(pct).any() else None
/home/runner/work/project-paleowave/project-paleowave/tools/v4/model.py:440: RuntimeWarning: All-NaN slice encountered
  blk = np.nanmax(pct[: n * 3, : n * 3].reshape(n, 3, n, 3).swapaxes(1, 2).reshape(n, n, 9), axis=2) if np.isfinite(pct).any() else None
/home/runner/work/project-paleowave/project-paleowave/tools/v4/model.py:440: RuntimeWarning: All-NaN slice encountered
  blk = np.nanmax(pct[: n * 3, : n * 3].reshape(n, 3, n, 3).swapaxes(1, 2).reshape(n, n, 9), axis=2) if np.isfinite(pct).any() else None
/home/runner/work/project-paleowave/project-paleowave/tools/v4/model.py:440: RuntimeWarning: All-NaN slice encountered
  blk = np.nanmax(pct[: n * 3, : n * 3].reshape(n, 3, n, 3).swapaxes(1, 2).reshape(n, n, 9), axis=2) if np.isfinite(pct).any() else None
/home/runner/work/project-paleowave/project-paleowave/tools/v4/model.py:440: RuntimeWarning: All-NaN slice encountered
  blk = np.nanmax(pct[: n * 3, : n * 3].reshape(n, 3, n, 3).swapaxes(1, 2).reshape(n, n, 9), axis=2) if np.isfinite(pct).any() else None
/home/runner/work/project-paleowave/project-paleowave/tools/v4/model.py:440: RuntimeWarning: All-NaN slice encountered
  blk = np.nanmax(pct[: n * 3, : n * 3].reshape(n, 3, n, 3).swapaxes(1, 2).reshape(n, n, 9), axis=2) if np.isfinite(pct).any() else None
/home/runner/work/project-paleowave/project-paleowave/tools/v4/model.py:440: RuntimeWarning: All-NaN slice encountered
  blk = np.nanmax(pct[: n * 3, : n * 3].reshape(n, 3, n, 3).swapaxes(1, 2).reshape(n, n, 9), axis=2) if np.isfinite(pct).any() else None
/home/runner/work/project-paleowave/project-paleowave/tools/v4/model.py:440: RuntimeWarning: All-NaN slice encountered
  blk = np.nanmax(pct[: n * 3, : n * 3].reshape(n, 3, n, 3).swapaxes(1, 2).reshape(n, n, 9), axis=2) if np.isfinite(pct).any() else None
/home/runner/work/project-paleowave/project-paleowave/tools/v4/model.py:440: RuntimeWarning: All-NaN slice encountered
  blk = np.nanmax(pct[: n * 3, : n * 3].reshape(n, 3, n, 3).swapaxes(1, 2).reshape(n, n, 9), axis=2) if np.isfinite(pct).any() else None
/home/runner/work/project-paleowave/project-paleowave/tools/v4/model.py:440: RuntimeWarning: All-NaN slice encountered
  blk = np.nanmax(pct[: n * 3, : n * 3].reshape(n, 3, n, 3).swapaxes(1, 2).reshape(n, n, 9), axis=2) if np.isfinite(pct).any() else None
/home/runner/work/project-paleowave/project-paleowave/tools/v4/model.py:440: RuntimeWarning: All-NaN slice encountered
  blk = np.nanmax(pct[: n * 3, : n * 3].reshape(n, 3, n, 3).swapaxes(1, 2).reshape(n, n, 9), axis=2) if np.isfinite(pct).any() else None
/home/runner/work/project-paleowave/project-paleowave/tools/v4/model.py:440: RuntimeWarning: All-NaN slice encountered
  blk = np.nanmax(pct[: n * 3, : n * 3].reshape(n, 3, n, 3).swapaxes(1, 2).reshape(n, n, 9), axis=2) if np.isfinite(pct).any() else None
/home/runner/work/project-paleowave/project-paleowave/tools/v4/model.py:440: RuntimeWarning: All-NaN slice encountered
  blk = np.nanmax(pct[: n * 3, : n * 3].reshape(n, 3, n, 3).swapaxes(1, 2).reshape(n, n, 9), axis=2) if np.isfinite(pct).any() else None
/home/runner/work/project-paleowave/project-paleowave/tools/v4/model.py:440: RuntimeWarning: All-NaN slice encountered
  blk = np.nanmax(pct[: n * 3, : n * 3].reshape(n, 3, n, 3).swapaxes(1, 2).reshape(n, n, 9), axis=2) if np.isfinite(pct).any() else None
/home/runner/work/project-paleowave/project-paleowave/tools/v4/model.py:440: RuntimeWarning: All-NaN slice encountered
  blk = np.nanmax(pct[: n * 3, : n * 3].reshape(n, 3, n, 3).swapaxes(1, 2).reshape(n, n, 9), axis=2) if np.isfinite(pct).any() else None
/home/runner/work/project-paleowave/project-paleowave/tools/v4/model.py:440: RuntimeWarning: All-NaN slice encountered
  blk = np.nanmax(pct[: n * 3, : n * 3].reshape(n, 3, n, 3).swapaxes(1, 2).reshape(n, n, 9), axis=2) if np.isfinite(pct).any() else None
/home/runner/work/project-paleowave/project-paleowave/tools/v4/model.py:440: RuntimeWarning: All-NaN slice encountered
  blk = np.nanmax(pct[: n * 3, : n * 3].reshape(n, 3, n, 3).swapaxes(1, 2).reshape(n, n, 9), axis=2) if np.isfinite(pct).any() else None
/home/runner/work/project-paleowave/project-paleowave/tools/v4/model.py:440: RuntimeWarning: All-NaN slice encountered
  blk = np.nanmax(pct[: n * 3, : n * 3].reshape(n, 3, n, 3).swapaxes(1, 2).reshape(n, n, 9), axis=2) if np.isfinite(pct).any() else None
/home/runner/work/project-paleowave/project-paleowave/tools/v4/model.py:440: RuntimeWarning: All-NaN slice encountered
  blk = np.nanmax(pct[: n * 3, : n * 3].reshape(n, 3, n, 3).swapaxes(1, 2).reshape(n, n, 9), axis=2) if np.isfinite(pct).any() else None
/home/runner/work/project-paleowave/project-paleowave/tools/v4/model.py:440: RuntimeWarning: All-NaN slice encountered
  blk = np.nanmax(pct[: n * 3, : n * 3].reshape(n, 3, n, 3).swapaxes(1, 2).reshape(n, n, 9), axis=2) if np.isfinite(pct).any() else None
/home/runner/work/project-paleowave/project-paleowave/tools/v4/model.py:440: RuntimeWarning: All-NaN slice encountered
  blk = np.nanmax(pct[: n * 3, : n * 3].reshape(n, 3, n, 3).swapaxes(1, 2).reshape(n, n, 9), axis=2) if np.isfinite(pct).any() else None
/home/runner/work/project-paleowave/project-paleowave/tools/v4/model.py:440: RuntimeWarning: All-NaN slice encountered
  blk = np.nanmax(pct[: n * 3, : n * 3].reshape(n, 3, n, 3).swapaxes(1, 2).reshape(n, n, 9), axis=2) if np.isfinite(pct).any() else None
/home/runner/work/project-paleowave/project-paleowave/tools/v4/model.py:440: RuntimeWarning: All-NaN slice encountered
  blk = np.nanmax(pct[: n * 3, : n * 3].reshape(n, 3, n, 3).swapaxes(1, 2).reshape(n, n, 9), axis=2) if np.isfinite(pct).any() else None
/home/runner/work/project-paleowave/project-paleowave/tools/v4/model.py:440: RuntimeWarning: All-NaN slice encountered
  blk = np.nanmax(pct[: n * 3, : n * 3].reshape(n, 3, n, 3).swapaxes(1, 2).reshape(n, n, 9), axis=2) if np.isfinite(pct).any() else None
/home/runner/work/project-paleowave/project-paleowave/tools/v4/model.py:440: RuntimeWarning: All-NaN slice encountered
  blk = np.nanmax(pct[: n * 3, : n * 3].reshape(n, 3, n, 3).swapaxes(1, 2).reshape(n, n, 9), axis=2) if np.isfinite(pct).any() else None
/home/runner/work/project-paleowave/project-paleowave/tools/v4/model.py:440: RuntimeWarning: All-NaN slice encountered
  blk = np.nanmax(pct[: n * 3, : n * 3].reshape(n, 3, n, 3).swapaxes(1, 2).reshape(n, n, 9), axis=2) if np.isfinite(pct).any() else None
/home/runner/work/project-paleowave/project-paleowave/tools/v4/model.py:440: RuntimeWarning: All-NaN slice encountered
  blk = np.nanmax(pct[: n * 3, : n * 3].reshape(n, 3, n, 3).swapaxes(1, 2).reshape(n, n, 9), axis=2) if np.isfinite(pct).any() else None
/home/runner/work/project-paleowave/project-paleowave/tools/v4/model.py:440: RuntimeWarning: All-NaN slice encountered
  blk = np.nanmax(pct[: n * 3, : n * 3].reshape(n, 3, n, 3).swapaxes(1, 2).reshape(n, n, 9), axis=2) if np.isfinite(pct).any() else None
/home/runner/work/project-paleowave/project-paleowave/tools/v4/model.py:440: RuntimeWarning: All-NaN slice encountered
  blk = np.nanmax(pct[: n * 3, : n * 3].reshape(n, 3, n, 3).swapaxes(1, 2).reshape(n, n, 9), axis=2) if np.isfinite(pct).any() else None
/home/runner/work/project-paleowave/project-paleowave/tools/v4/model.py:440: RuntimeWarning: All-NaN slice encountered
  blk = np.nanmax(pct[: n * 3, : n * 3].reshape(n, 3, n, 3).swapaxes(1, 2).reshape(n, n, 9), axis=2) if np.isfinite(pct).any() else None
/home/runner/work/project-paleowave/project-paleowave/tools/v4/model.py:440: RuntimeWarning: All-NaN slice encountered
  blk = np.nanmax(pct[: n * 3, : n * 3].reshape(n, 3, n, 3).swapaxes(1, 2).reshape(n, n, 9), axis=2) if np.isfinite(pct).any() else None
/home/runner/work/project-paleowave/project-paleowave/tools/v4/model.py:440: RuntimeWarning: All-NaN slice encountered
  blk = np.nanmax(pct[: n * 3, : n * 3].reshape(n, 3, n, 3).swapaxes(1, 2).reshape(n, n, 9), axis=2) if np.isfinite(pct).any() else None
/home/runner/work/project-paleowave/project-paleowave/tools/v4/model.py:440: RuntimeWarning: All-NaN slice encountered
  blk = np.nanmax(pct[: n * 3, : n * 3].reshape(n, 3, n, 3).swapaxes(1, 2).reshape(n, n, 9), axis=2) if np.isfinite(pct).any() else None
/home/runner/work/project-paleowave/project-paleowave/tools/v4/model.py:440: RuntimeWarning: All-NaN slice encountered
  blk = np.nanmax(pct[: n * 3, : n * 3].reshape(n, 3, n, 3).swapaxes(1, 2).reshape(n, n, 9), axis=2) if np.isfinite(pct).any() else None
/home/runner/work/project-paleowave/project-paleowave/tools/v4/model.py:440: RuntimeWarning: All-NaN slice encountered
  blk = np.nanmax(pct[: n * 3, : n * 3].reshape(n, 3, n, 3).swapaxes(1, 2).reshape(n, n, 9), axis=2) if np.isfinite(pct).any() else None
/home/runner/work/project-paleowave/project-paleowave/tools/v4/model.py:440: RuntimeWarning: All-NaN slice encountered
  blk = np.nanmax(pct[: n * 3, : n * 3].reshape(n, 3, n, 3).swapaxes(1, 2).reshape(n, n, 9), axis=2) if np.isfinite(pct).any() else None
/home/runner/work/project-paleowave/project-paleowave/tools/v4/model.py:440: RuntimeWarning: All-NaN slice encountered
  blk = np.nanmax(pct[: n * 3, : n * 3].reshape(n, 3, n, 3).swapaxes(1, 2).reshape(n, n, 9), axis=2) if np.isfinite(pct).any() else None
/home/runner/work/project-paleowave/project-paleowave/tools/v4/model.py:440: RuntimeWarning: All-NaN slice encountered
  blk = np.nanmax(pct[: n * 3, : n * 3].reshape(n, 3, n, 3).swapaxes(1, 2).reshape(n, n, 9), axis=2) if np.isfinite(pct).any() else None
/home/runner/work/project-paleowave/project-paleowave/tools/v4/model.py:440: RuntimeWarning: All-NaN slice encountered
  blk = np.nanmax(pct[: n * 3, : n * 3].reshape(n, 3, n, 3).swapaxes(1, 2).reshape(n, n, 9), axis=2) if np.isfinite(pct).any() else None
/home/runner/work/project-paleowave/project-paleowave/tools/v4/model.py:440: RuntimeWarning: All-NaN slice encountered
  blk = np.nanmax(pct[: n * 3, : n * 3].reshape(n, 3, n, 3).swapaxes(1, 2).reshape(n, n, 9), axis=2) if np.isfinite(pct).any() else None
/home/runner/work/project-paleowave/project-paleowave/tools/v4/model.py:440: RuntimeWarning: All-NaN slice encountered
  blk = np.nanmax(pct[: n * 3, : n * 3].reshape(n, 3, n, 3).swapaxes(1, 2).reshape(n, n, 9), axis=2) if np.isfinite(pct).any() else None
/home/runner/work/project-paleowave/project-paleowave/tools/v4/model.py:440: RuntimeWarning: All-NaN slice encountered
  blk = np.nanmax(pct[: n * 3, : n * 3].reshape(n, 3, n, 3).swapaxes(1, 2).reshape(n, n, 9), axis=2) if np.isfinite(pct).any() else None
/home/runner/work/project-paleowave/project-paleowave/tools/v4/model.py:440: RuntimeWarning: All-NaN slice encountered
  blk = np.nanmax(pct[: n * 3, : n * 3].reshape(n, 3, n, 3).swapaxes(1, 2).reshape(n, n, 9), axis=2) if np.isfinite(pct).any() else None
/home/runner/work/project-paleowave/project-paleowave/tools/v4/model.py:440: RuntimeWarning: All-NaN slice encountered
  blk = np.nanmax(pct[: n * 3, : n * 3].reshape(n, 3, n, 3).swapaxes(1, 2).reshape(n, n, 9), axis=2) if np.isfinite(pct).any() else None
/home/runner/work/project-paleowave/project-paleowave/tools/v4/model.py:440: RuntimeWarning: All-NaN slice encountered
  blk = np.nanmax(pct[: n * 3, : n * 3].reshape(n, 3, n, 3).swapaxes(1, 2).reshape(n, n, 9), axis=2) if np.isfinite(pct).any() else None
/home/runner/work/project-paleowave/project-paleowave/tools/v4/model.py:440: RuntimeWarning: All-NaN slice encountered
  blk = np.nanmax(pct[: n * 3, : n * 3].reshape(n, 3, n, 3).swapaxes(1, 2).reshape(n, n, 9), axis=2) if np.isfinite(pct).any() else None
/home/runner/work/project-paleowave/project-paleowave/tools/v4/model.py:440: RuntimeWarning: All-NaN slice encountered
  blk = np.nanmax(pct[: n * 3, : n * 3].reshape(n, 3, n, 3).swapaxes(1, 2).reshape(n, n, 9), axis=2) if np.isfinite(pct).any() else None
/home/runner/work/project-paleowave/project-paleowave/tools/v4/model.py:440: RuntimeWarning: All-NaN slice encountered
  blk = np.nanmax(pct[: n * 3, : n * 3].reshape(n, 3, n, 3).swapaxes(1, 2).reshape(n, n, 9), axis=2) if np.isfinite(pct).any() else None
/home/runner/work/project-paleowave/project-paleowave/tools/v4/model.py:440: RuntimeWarning: All-NaN slice encountered
  blk = np.nanmax(pct[: n * 3, : n * 3].reshape(n, 3, n, 3).swapaxes(1, 2).reshape(n, n, 9), axis=2) if np.isfinite(pct).any() else None
/home/runner/work/project-paleowave/project-paleowave/tools/v4/model.py:440: RuntimeWarning: All-NaN slice encountered
  blk = np.nanmax(pct[: n * 3, : n * 3].reshape(n, 3, n, 3).swapaxes(1, 2).reshape(n, n, 9), axis=2) if np.isfinite(pct).any() else None
/home/runner/work/project-paleowave/project-paleowave/tools/v4/model.py:440: RuntimeWarning: All-NaN slice encountered
  blk = np.nanmax(pct[: n * 3, : n * 3].reshape(n, 3, n, 3).swapaxes(1, 2).reshape(n, n, 9), axis=2) if np.isfinite(pct).any() else None
/home/runner/work/project-paleowave/project-paleowave/tools/v4/model.py:440: RuntimeWarning: All-NaN slice encountered
  blk = np.nanmax(pct[: n * 3, : n * 3].reshape(n, 3, n, 3).swapaxes(1, 2).reshape(n, n, 9), axis=2) if np.isfinite(pct).any() else None
/home/runner/work/project-paleowave/project-paleowave/tools/v4/model.py:440: RuntimeWarning: All-NaN slice encountered
  blk = np.nanmax(pct[: n * 3, : n * 3].reshape(n, 3, n, 3).swapaxes(1, 2).reshape(n, n, 9), axis=2) if np.isfinite(pct).any() else None
/home/runner/work/project-paleowave/project-paleowave/tools/v4/model.py:440: RuntimeWarning: All-NaN slice encountered
  blk = np.nanmax(pct[: n * 3, : n * 3].reshape(n, 3, n, 3).swapaxes(1, 2).reshape(n, n, 9), axis=2) if np.isfinite(pct).any() else None
/home/runner/work/project-paleowave/project-paleowave/tools/v4/model.py:440: RuntimeWarning: All-NaN slice encountered
  blk = np.nanmax(pct[: n * 3, : n * 3].reshape(n, 3, n, 3).swapaxes(1, 2).reshape(n, n, 9), axis=2) if np.isfinite(pct).any() else None
/home/runner/work/project-paleowave/project-paleowave/tools/v4/model.py:440: RuntimeWarning: All-NaN slice encountered
  blk = np.nanmax(pct[: n * 3, : n * 3].reshape(n, 3, n, 3).swapaxes(1, 2).reshape(n, n, 9), axis=2) if np.isfinite(pct).any() else None
/home/runner/work/project-paleowave/project-paleowave/tools/v4/model.py:440: RuntimeWarning: All-NaN slice encountered
  blk = np.nanmax(pct[: n * 3, : n * 3].reshape(n, 3, n, 3).swapaxes(1, 2).reshape(n, n, 9), axis=2) if np.isfinite(pct).any() else None
/home/runner/work/project-paleowave/project-paleowave/tools/v4/model.py:440: RuntimeWarning: All-NaN slice encountered
  blk = np.nanmax(pct[: n * 3, : n * 3].reshape(n, 3, n, 3).swapaxes(1, 2).reshape(n, n, 9), axis=2) if np.isfinite(pct).any() else None
/home/runner/work/project-paleowave/project-paleowave/tools/v4/model.py:440: RuntimeWarning: All-NaN slice encountered
  blk = np.nanmax(pct[: n * 3, : n * 3].reshape(n, 3, n, 3).swapaxes(1, 2).reshape(n, n, 9), axis=2) if np.isfinite(pct).any() else None
/home/runner/work/project-paleowave/project-paleowave/tools/v4/model.py:440: RuntimeWarning: All-NaN slice encountered
  blk = np.nanmax(pct[: n * 3, : n * 3].reshape(n, 3, n, 3).swapaxes(1, 2).reshape(n, n, 9), axis=2) if np.isfinite(pct).any() else None
/home/runner/work/project-paleowave/project-paleowave/tools/v4/model.py:440: RuntimeWarning: All-NaN slice encountered
  blk = np.nanmax(pct[: n * 3, : n * 3].reshape(n, 3, n, 3).swapaxes(1, 2).reshape(n, n, 9), axis=2) if np.isfinite(pct).any() else None
/home/runner/work/project-paleowave/project-paleowave/tools/v4/model.py:440: RuntimeWarning: All-NaN slice encountered
  blk = np.nanmax(pct[: n * 3, : n * 3].reshape(n, 3, n, 3).swapaxes(1, 2).reshape(n, n, 9), axis=2) if np.isfinite(pct).any() else None
/home/runner/work/project-paleowave/project-paleowave/tools/v4/model.py:440: RuntimeWarning: All-NaN slice encountered
  blk = np.nanmax(pct[: n * 3, : n * 3].reshape(n, 3, n, 3).swapaxes(1, 2).reshape(n, n, 9), axis=2) if np.isfinite(pct).any() else None
/home/runner/work/project-paleowave/project-paleowave/tools/v4/model.py:440: RuntimeWarning: All-NaN slice encountered
  blk = np.nanmax(pct[: n * 3, : n * 3].reshape(n, 3, n, 3).swapaxes(1, 2).reshape(n, n, 9), axis=2) if np.isfinite(pct).any() else None
/home/runner/work/project-paleowave/project-paleowave/tools/v4/model.py:440: RuntimeWarning: All-NaN slice encountered
  blk = np.nanmax(pct[: n * 3, : n * 3].reshape(n, 3, n, 3).swapaxes(1, 2).reshape(n, n, 9), axis=2) if np.isfinite(pct).any() else None
/home/runner/work/project-paleowave/project-paleowave/tools/v4/model.py:440: RuntimeWarning: All-NaN slice encountered
  blk = np.nanmax(pct[: n * 3, : n * 3].reshape(n, 3, n, 3).swapaxes(1, 2).reshape(n, n, 9), axis=2) if np.isfinite(pct).any() else None
/home/runner/work/project-paleowave/project-paleowave/tools/v4/model.py:440: RuntimeWarning: All-NaN slice encountered
  blk = np.nanmax(pct[: n * 3, : n * 3].reshape(n, 3, n, 3).swapaxes(1, 2).reshape(n, n, 9), axis=2) if np.isfinite(pct).any() else None
/home/runner/work/project-paleowave/project-paleowave/tools/v4/model.py:440: RuntimeWarning: All-NaN slice encountered
  blk = np.nanmax(pct[: n * 3, : n * 3].reshape(n, 3, n, 3).swapaxes(1, 2).reshape(n, n, 9), axis=2) if np.isfinite(pct).any() else None
/home/runner/work/project-paleowave/project-paleowave/tools/v4/model.py:440: RuntimeWarning: All-NaN slice encountered
  blk = np.nanmax(pct[: n * 3, : n * 3].reshape(n, 3, n, 3).swapaxes(1, 2).reshape(n, n, 9), axis=2) if np.isfinite(pct).any() else None
/home/runner/work/project-paleowave/project-paleowave/tools/v4/model.py:440: RuntimeWarning: All-NaN slice encountered
  blk = np.nanmax(pct[: n * 3, : n * 3].reshape(n, 3, n, 3).swapaxes(1, 2).reshape(n, n, 9), axis=2) if np.isfinite(pct).any() else None
/home/runner/work/project-paleowave/project-paleowave/tools/v4/model.py:440: RuntimeWarning: All-NaN slice encountered
  blk = np.nanmax(pct[: n * 3, : n * 3].reshape(n, 3, n, 3).swapaxes(1, 2).reshape(n, n, 9), axis=2) if np.isfinite(pct).any() else None
/home/runner/work/project-paleowave/project-paleowave/tools/v4/model.py:440: RuntimeWarning: All-NaN slice encountered
  blk = np.nanmax(pct[: n * 3, : n * 3].reshape(n, 3, n, 3).swapaxes(1, 2).reshape(n, n, 9), axis=2) if np.isfinite(pct).any() else None
/home/runner/work/project-paleowave/project-paleowave/tools/v4/model.py:440: RuntimeWarning: All-NaN slice encountered
  blk = np.nanmax(pct[: n * 3, : n * 3].reshape(n, 3, n, 3).swapaxes(1, 2).reshape(n, n, 9), axis=2) if np.isfinite(pct).any() else None
/home/runner/work/project-paleowave/project-paleowave/tools/v4/model.py:440: RuntimeWarning: All-NaN slice encountered
  blk = np.nanmax(pct[: n * 3, : n * 3].reshape(n, 3, n, 3).swapaxes(1, 2).reshape(n, n, 9), axis=2) if np.isfinite(pct).any() else None
/home/runner/work/project-paleowave/project-paleowave/tools/v4/model.py:440: RuntimeWarning: All-NaN slice encountered
  blk = np.nanmax(pct[: n * 3, : n * 3].reshape(n, 3, n, 3).swapaxes(1, 2).reshape(n, n, 9), axis=2) if np.isfinite(pct).any() else None
/home/runner/work/project-paleowave/project-paleowave/tools/v4/model.py:440: RuntimeWarning: All-NaN slice encountered
  blk = np.nanmax(pct[: n * 3, : n * 3].reshape(n, 3, n, 3).swapaxes(1, 2).reshape(n, n, 9), axis=2) if np.isfinite(pct).any() else None
/home/runner/work/project-paleowave/project-paleowave/tools/v4/model.py:440: RuntimeWarning: All-NaN slice encountered
  blk = np.nanmax(pct[: n * 3, : n * 3].reshape(n, 3, n, 3).swapaxes(1, 2).reshape(n, n, 9), axis=2) if np.isfinite(pct).any() else None
/home/runner/work/project-paleowave/project-paleowave/tools/v4/model.py:440: RuntimeWarning: All-NaN slice encountered
  blk = np.nanmax(pct[: n * 3, : n * 3].reshape(n, 3, n, 3).swapaxes(1, 2).reshape(n, n, 9), axis=2) if np.isfinite(pct).any() else None
/home/runner/work/project-paleowave/project-paleowave/tools/v4/model.py:440: RuntimeWarning: All-NaN slice encountered
  blk = np.nanmax(pct[: n * 3, : n * 3].reshape(n, 3, n, 3).swapaxes(1, 2).reshape(n, n, 9), axis=2) if np.isfinite(pct).any() else None
/home/runner/work/project-paleowave/project-paleowave/tools/v4/model.py:440: RuntimeWarning: All-NaN slice encountered
  blk = np.nanmax(pct[: n * 3, : n * 3].reshape(n, 3, n, 3).swapaxes(1, 2).reshape(n, n, 9), axis=2) if np.isfinite(pct).any() else None
/home/runner/work/project-paleowave/project-paleowave/tools/v4/model.py:440: RuntimeWarning: All-NaN slice encountered
  blk = np.nanmax(pct[: n * 3, : n * 3].reshape(n, 3, n, 3).swapaxes(1, 2).reshape(n, n, 9), axis=2) if np.isfinite(pct).any() else None
/home/runner/work/project-paleowave/project-paleowave/tools/v4/model.py:440: RuntimeWarning: All-NaN slice encountered
  blk = np.nanmax(pct[: n * 3, : n * 3].reshape(n, 3, n, 3).swapaxes(1, 2).reshape(n, n, 9), axis=2) if np.isfinite(pct).any() else None
/home/runner/work/project-paleowave/project-paleowave/tools/v4/model.py:440: RuntimeWarning: All-NaN slice encountered
  blk = np.nanmax(pct[: n * 3, : n * 3].reshape(n, 3, n, 3).swapaxes(1, 2).reshape(n, n, 9), axis=2) if np.isfinite(pct).any() else None
/home/runner/work/project-paleowave/project-paleowave/tools/v4/model.py:440: RuntimeWarning: All-NaN slice encountered
  blk = np.nanmax(pct[: n * 3, : n * 3].reshape(n, 3, n, 3).swapaxes(1, 2).reshape(n, n, 9), axis=2) if np.isfinite(pct).any() else None
/home/runner/work/project-paleowave/project-paleowave/tools/v4/model.py:440: RuntimeWarning: All-NaN slice encountered
  blk = np.nanmax(pct[: n * 3, : n * 3].reshape(n, 3, n, 3).swapaxes(1, 2).reshape(n, n, 9), axis=2) if np.isfinite(pct).any() else None
/home/runner/work/project-paleowave/project-paleowave/tools/v4/model.py:440: RuntimeWarning: All-NaN slice encountered
  blk = np.nanmax(pct[: n * 3, : n * 3].reshape(n, 3, n, 3).swapaxes(1, 2).reshape(n, n, 9), axis=2) if np.isfinite(pct).any() else None
/home/runner/work/project-paleowave/project-paleowave/tools/v4/model.py:440: RuntimeWarning: All-NaN slice encountered
  blk = np.nanmax(pct[: n * 3, : n * 3].reshape(n, 3, n, 3).swapaxes(1, 2).reshape(n, n, 9), axis=2) if np.isfinite(pct).any() else None
/home/runner/work/project-paleowave/project-paleowave/tools/v4/model.py:440: RuntimeWarning: All-NaN slice encountered
  blk = np.nanmax(pct[: n * 3, : n * 3].reshape(n, 3, n, 3).swapaxes(1, 2).reshape(n, n, 9), axis=2) if np.isfinite(pct).any() else None
/home/runner/work/project-paleowave/project-paleowave/tools/v4/model.py:440: RuntimeWarning: All-NaN slice encountered
  blk = np.nanmax(pct[: n * 3, : n * 3].reshape(n, 3, n, 3).swapaxes(1, 2).reshape(n, n, 9), axis=2) if np.isfinite(pct).any() else None
/home/runner/work/project-paleowave/project-paleowave/tools/v4/model.py:440: RuntimeWarning: All-NaN slice encountered
  blk = np.nanmax(pct[: n * 3, : n * 3].reshape(n, 3, n, 3).swapaxes(1, 2).reshape(n, n, 9), axis=2) if np.isfinite(pct).any() else None
/home/runner/work/project-paleowave/project-paleowave/tools/v4/model.py:440: RuntimeWarning: All-NaN slice encountered
  blk = np.nanmax(pct[: n * 3, : n * 3].reshape(n, 3, n, 3).swapaxes(1, 2).reshape(n, n, 9), axis=2) if np.isfinite(pct).any() else None
/home/runner/work/project-paleowave/project-paleowave/tools/v4/model.py:440: RuntimeWarning: All-NaN slice encountered
  blk = np.nanmax(pct[: n * 3, : n * 3].reshape(n, 3, n, 3).swapaxes(1, 2).reshape(n, n, 9), axis=2) if np.isfinite(pct).any() else None
/home/runner/work/project-paleowave/project-paleowave/tools/v4/model.py:440: RuntimeWarning: All-NaN slice encountered
  blk = np.nanmax(pct[: n * 3, : n * 3].reshape(n, 3, n, 3).swapaxes(1, 2).reshape(n, n, 9), axis=2) if np.isfinite(pct).any() else None
/home/runner/work/project-paleowave/project-paleowave/tools/v4/model.py:440: RuntimeWarning: All-NaN slice encountered
  blk = np.nanmax(pct[: n * 3, : n * 3].reshape(n, 3, n, 3).swapaxes(1, 2).reshape(n, n, 9), axis=2) if np.isfinite(pct).any() else None
/home/runner/work/project-paleowave/project-paleowave/tools/v4/model.py:440: RuntimeWarning: All-NaN slice encountered
  blk = np.nanmax(pct[: n * 3, : n * 3].reshape(n, 3, n, 3).swapaxes(1, 2).reshape(n, n, 9), axis=2) if np.isfinite(pct).any() else None
/home/runner/work/project-paleowave/project-paleowave/tools/v4/model.py:440: RuntimeWarning: All-NaN slice encountered
  blk = np.nanmax(pct[: n * 3, : n * 3].reshape(n, 3, n, 3).swapaxes(1, 2).reshape(n, n, 9), axis=2) if np.isfinite(pct).any() else None
/home/runner/work/project-paleowave/project-paleowave/tools/v4/model.py:440: RuntimeWarning: All-NaN slice encountered
  blk = np.nanmax(pct[: n * 3, : n * 3].reshape(n, 3, n, 3).swapaxes(1, 2).reshape(n, n, 9), axis=2) if np.isfinite(pct).any() else None
/home/runner/work/project-paleowave/project-paleowave/tools/v4/model.py:440: RuntimeWarning: All-NaN slice encountered
  blk = np.nanmax(pct[: n * 3, : n * 3].reshape(n, 3, n, 3).swapaxes(1, 2).reshape(n, n, 9), axis=2) if np.isfinite(pct).any() else None
/home/runner/work/project-paleowave/project-paleowave/tools/v4/model.py:440: RuntimeWarning: All-NaN slice encountered
  blk = np.nanmax(pct[: n * 3, : n * 3].reshape(n, 3, n, 3).swapaxes(1, 2).reshape(n, n, 9), axis=2) if np.isfinite(pct).any() else None
/home/runner/work/project-paleowave/project-paleowave/tools/v4/model.py:440: RuntimeWarning: All-NaN slice encountered
  blk = np.nanmax(pct[: n * 3, : n * 3].reshape(n, 3, n, 3).swapaxes(1, 2).reshape(n, n, 9), axis=2) if np.isfinite(pct).any() else None
/home/runner/work/project-paleowave/project-paleowave/tools/v4/model.py:440: RuntimeWarning: All-NaN slice encountered
  blk = np.nanmax(pct[: n * 3, : n * 3].reshape(n, 3, n, 3).swapaxes(1, 2).reshape(n, n, 9), axis=2) if np.isfinite(pct).any() else None
/home/runner/work/project-paleowave/project-paleowave/tools/v4/model.py:440: RuntimeWarning: All-NaN slice encountered
  blk = np.nanmax(pct[: n * 3, : n * 3].reshape(n, 3, n, 3).swapaxes(1, 2).reshape(n, n, 9), axis=2) if np.isfinite(pct).any() else None
/home/runner/work/project-paleowave/project-paleowave/tools/v4/model.py:440: RuntimeWarning: All-NaN slice encountered
  blk = np.nanmax(pct[: n * 3, : n * 3].reshape(n, 3, n, 3).swapaxes(1, 2).reshape(n, n, 9), axis=2) if np.isfinite(pct).any() else None
/home/runner/work/project-paleowave/project-paleowave/tools/v4/model.py:440: RuntimeWarning: All-NaN slice encountered
  blk = np.nanmax(pct[: n * 3, : n * 3].reshape(n, 3, n, 3).swapaxes(1, 2).reshape(n, n, 9), axis=2) if np.isfinite(pct).any() else None
/home/runner/work/project-paleowave/project-paleowave/tools/v4/model.py:440: RuntimeWarning: All-NaN slice encountered
  blk = np.nanmax(pct[: n * 3, : n * 3].reshape(n, 3, n, 3).swapaxes(1, 2).reshape(n, n, 9), axis=2) if np.isfinite(pct).any() else None
/home/runner/work/project-paleowave/project-paleowave/tools/v4/model.py:440: RuntimeWarning: All-NaN slice encountered
  blk = np.nanmax(pct[: n * 3, : n * 3].reshape(n, 3, n, 3).swapaxes(1, 2).reshape(n, n, 9), axis=2) if np.isfinite(pct).any() else None
/home/runner/work/project-paleowave/project-paleowave/tools/v4/model.py:440: RuntimeWarning: All-NaN slice encountered
  blk = np.nanmax(pct[: n * 3, : n * 3].reshape(n, 3, n, 3).swapaxes(1, 2).reshape(n, n, 9), axis=2) if np.isfinite(pct).any() else None
/home/runner/work/project-paleowave/project-paleowave/tools/v4/model.py:440: RuntimeWarning: All-NaN slice encountered
  blk = np.nanmax(pct[: n * 3, : n * 3].reshape(n, 3, n, 3).swapaxes(1, 2).reshape(n, n, 9), axis=2) if np.isfinite(pct).any() else None
/home/runner/work/project-paleowave/project-paleowave/tools/v4/model.py:440: RuntimeWarning: All-NaN slice encountered
  blk = np.nanmax(pct[: n * 3, : n * 3].reshape(n, 3, n, 3).swapaxes(1, 2).reshape(n, n, 9), axis=2) if np.isfinite(pct).any() else None
/home/runner/work/project-paleowave/project-paleowave/tools/v4/model.py:440: RuntimeWarning: All-NaN slice encountered
  blk = np.nanmax(pct[: n * 3, : n * 3].reshape(n, 3, n, 3).swapaxes(1, 2).reshape(n, n, 9), axis=2) if np.isfinite(pct).any() else None
/home/runner/work/project-paleowave/project-paleowave/tools/v4/model.py:440: RuntimeWarning: All-NaN slice encountered
  blk = np.nanmax(pct[: n * 3, : n * 3].reshape(n, 3, n, 3).swapaxes(1, 2).reshape(n, n, 9), axis=2) if np.isfinite(pct).any() else None
/home/runner/work/project-paleowave/project-paleowave/tools/v4/model.py:440: RuntimeWarning: All-NaN slice encountered
  blk = np.nanmax(pct[: n * 3, : n * 3].reshape(n, 3, n, 3).swapaxes(1, 2).reshape(n, n, 9), axis=2) if np.isfinite(pct).any() else None
/home/runner/work/project-paleowave/project-paleowave/tools/v4/model.py:440: RuntimeWarning: All-NaN slice encountered
  blk = np.nanmax(pct[: n * 3, : n * 3].reshape(n, 3, n, 3).swapaxes(1, 2).reshape(n, n, 9), axis=2) if np.isfinite(pct).any() else None
/home/runner/work/project-paleowave/project-paleowave/tools/v4/model.py:440: RuntimeWarning: All-NaN slice encountered
  blk = np.nanmax(pct[: n * 3, : n * 3].reshape(n, 3, n, 3).swapaxes(1, 2).reshape(n, n, 9), axis=2) if np.isfinite(pct).any() else None
/home/runner/work/project-paleowave/project-paleowave/tools/v4/model.py:440: RuntimeWarning: All-NaN slice encountered
  blk = np.nanmax(pct[: n * 3, : n * 3].reshape(n, 3, n, 3).swapaxes(1, 2).reshape(n, n, 9), axis=2) if np.isfinite(pct).any() else None
/home/runner/work/project-paleowave/project-paleowave/tools/v4/model.py:440: RuntimeWarning: All-NaN slice encountered
  blk = np.nanmax(pct[: n * 3, : n * 3].reshape(n, 3, n, 3).swapaxes(1, 2).reshape(n, n, 9), axis=2) if np.isfinite(pct).any() else None
/home/runner/work/project-paleowave/project-paleowave/tools/v4/model.py:440: RuntimeWarning: All-NaN slice encountered
  blk = np.nanmax(pct[: n * 3, : n * 3].reshape(n, 3, n, 3).swapaxes(1, 2).reshape(n, n, 9), axis=2) if np.isfinite(pct).any() else None
/home/runner/work/project-paleowave/project-paleowave/tools/v4/model.py:440: RuntimeWarning: All-NaN slice encountered
  blk = np.nanmax(pct[: n * 3, : n * 3].reshape(n, 3, n, 3).swapaxes(1, 2).reshape(n, n, 9), axis=2) if np.isfinite(pct).any() else None
/home/runner/work/project-paleowave/project-paleowave/tools/v4/model.py:440: RuntimeWarning: All-NaN slice encountered
  blk = np.nanmax(pct[: n * 3, : n * 3].reshape(n, 3, n, 3).swapaxes(1, 2).reshape(n, n, 9), axis=2) if np.isfinite(pct).any() else None
/home/runner/work/project-paleowave/project-paleowave/tools/v4/model.py:440: RuntimeWarning: All-NaN slice encountered
  blk = np.nanmax(pct[: n * 3, : n * 3].reshape(n, 3, n, 3).swapaxes(1, 2).reshape(n, n, 9), axis=2) if np.isfinite(pct).any() else None
/home/runner/work/project-paleowave/project-paleowave/tools/v4/model.py:440: RuntimeWarning: All-NaN slice encountered
  blk = np.nanmax(pct[: n * 3, : n * 3].reshape(n, 3, n, 3).swapaxes(1, 2).reshape(n, n, 9), axis=2) if np.isfinite(pct).any() else None
/home/runner/work/project-paleowave/project-paleowave/tools/v4/model.py:440: RuntimeWarning: All-NaN slice encountered
  blk = np.nanmax(pct[: n * 3, : n * 3].reshape(n, 3, n, 3).swapaxes(1, 2).reshape(n, n, 9), axis=2) if np.isfinite(pct).any() else None
/home/runner/work/project-paleowave/project-paleowave/tools/v4/model.py:440: RuntimeWarning: All-NaN slice encountered
  blk = np.nanmax(pct[: n * 3, : n * 3].reshape(n, 3, n, 3).swapaxes(1, 2).reshape(n, n, 9), axis=2) if np.isfinite(pct).any() else None
/home/runner/work/project-paleowave/project-paleowave/tools/v4/model.py:440: RuntimeWarning: All-NaN slice encountered
  blk = np.nanmax(pct[: n * 3, : n * 3].reshape(n, 3, n, 3).swapaxes(1, 2).reshape(n, n, 9), axis=2) if np.isfinite(pct).any() else None
/home/runner/work/project-paleowave/project-paleowave/tools/v4/model.py:440: RuntimeWarning: All-NaN slice encountered
  blk = np.nanmax(pct[: n * 3, : n * 3].reshape(n, 3, n, 3).swapaxes(1, 2).reshape(n, n, 9), axis=2) if np.isfinite(pct).any() else None
/home/runner/work/project-paleowave/project-paleowave/tools/v4/model.py:440: RuntimeWarning: All-NaN slice encountered
  blk = np.nanmax(pct[: n * 3, : n * 3].reshape(n, 3, n, 3).swapaxes(1, 2).reshape(n, n, 9), axis=2) if np.isfinite(pct).any() else None
/home/runner/work/project-paleowave/project-paleowave/tools/v4/model.py:440: RuntimeWarning: All-NaN slice encountered
  blk = np.nanmax(pct[: n * 3, : n * 3].reshape(n, 3, n, 3).swapaxes(1, 2).reshape(n, n, 9), axis=2) if np.isfinite(pct).any() else None
/home/runner/work/project-paleowave/project-paleowave/tools/v4/model.py:440: RuntimeWarning: All-NaN slice encountered
  blk = np.nanmax(pct[: n * 3, : n * 3].reshape(n, 3, n, 3).swapaxes(1, 2).reshape(n, n, 9), axis=2) if np.isfinite(pct).any() else None
/home/runner/work/project-paleowave/project-paleowave/tools/v4/model.py:440: RuntimeWarning: All-NaN slice encountered
  blk = np.nanmax(pct[: n * 3, : n * 3].reshape(n, 3, n, 3).swapaxes(1, 2).reshape(n, n, 9), axis=2) if np.isfinite(pct).any() else None
/home/runner/work/project-paleowave/project-paleowave/tools/v4/model.py:440: RuntimeWarning: All-NaN slice encountered
  blk = np.nanmax(pct[: n * 3, : n * 3].reshape(n, 3, n, 3).swapaxes(1, 2).reshape(n, n, 9), axis=2) if np.isfinite(pct).any() else None
/home/runner/work/project-paleowave/project-paleowave/tools/v4/model.py:440: RuntimeWarning: All-NaN slice encountered
  blk = np.nanmax(pct[: n * 3, : n * 3].reshape(n, 3, n, 3).swapaxes(1, 2).reshape(n, n, 9), axis=2) if np.isfinite(pct).any() else None
/home/runner/work/project-paleowave/project-paleowave/tools/v4/model.py:440: RuntimeWarning: All-NaN slice encountered
  blk = np.nanmax(pct[: n * 3, : n * 3].reshape(n, 3, n, 3).swapaxes(1, 2).reshape(n, n, 9), axis=2) if np.isfinite(pct).any() else None
/home/runner/work/project-paleowave/project-paleowave/tools/v4/model.py:440: RuntimeWarning: All-NaN slice encountered
  blk = np.nanmax(pct[: n * 3, : n * 3].reshape(n, 3, n, 3).swapaxes(1, 2).reshape(n, n, 9), axis=2) if np.isfinite(pct).any() else None
/home/runner/work/project-paleowave/project-paleowave/tools/v4/model.py:440: RuntimeWarning: All-NaN slice encountered
  blk = np.nanmax(pct[: n * 3, : n * 3].reshape(n, 3, n, 3).swapaxes(1, 2).reshape(n, n, 9), axis=2) if np.isfinite(pct).any() else None
/home/runner/work/project-paleowave/project-paleowave/tools/v4/model.py:440: RuntimeWarning: All-NaN slice encountered
  blk = np.nanmax(pct[: n * 3, : n * 3].reshape(n, 3, n, 3).swapaxes(1, 2).reshape(n, n, 9), axis=2) if np.isfinite(pct).any() else None
/home/runner/work/project-paleowave/project-paleowave/tools/v4/model.py:440: RuntimeWarning: All-NaN slice encountered
  blk = np.nanmax(pct[: n * 3, : n * 3].reshape(n, 3, n, 3).swapaxes(1, 2).reshape(n, n, 9), axis=2) if np.isfinite(pct).any() else None
/home/runner/work/project-paleowave/project-paleowave/tools/v4/model.py:440: RuntimeWarning: All-NaN slice encountered
  blk = np.nanmax(pct[: n * 3, : n * 3].reshape(n, 3, n, 3).swapaxes(1, 2).reshape(n, n, 9), axis=2) if np.isfinite(pct).any() else None
/home/runner/work/project-paleowave/project-paleowave/tools/v4/model.py:440: RuntimeWarning: All-NaN slice encountered
  blk = np.nanmax(pct[: n * 3, : n * 3].reshape(n, 3, n, 3).swapaxes(1, 2).reshape(n, n, 9), axis=2) if np.isfinite(pct).any() else None
/home/runner/work/project-paleowave/project-paleowave/tools/v4/model.py:440: RuntimeWarning: All-NaN slice encountered
  blk = np.nanmax(pct[: n * 3, : n * 3].reshape(n, 3, n, 3).swapaxes(1, 2).reshape(n, n, 9), axis=2) if np.isfinite(pct).any() else None
/home/runner/work/project-paleowave/project-paleowave/tools/v4/model.py:440: RuntimeWarning: All-NaN slice encountered
  blk = np.nanmax(pct[: n * 3, : n * 3].reshape(n, 3, n, 3).swapaxes(1, 2).reshape(n, n, 9), axis=2) if np.isfinite(pct).any() else None
/home/runner/work/project-paleowave/project-paleowave/tools/v4/model.py:440: RuntimeWarning: All-NaN slice encountered
  blk = np.nanmax(pct[: n * 3, : n * 3].reshape(n, 3, n, 3).swapaxes(1, 2).reshape(n, n, 9), axis=2) if np.isfinite(pct).any() else None
/home/runner/work/project-paleowave/project-paleowave/tools/v4/model.py:440: RuntimeWarning: All-NaN slice encountered
  blk = np.nanmax(pct[: n * 3, : n * 3].reshape(n, 3, n, 3).swapaxes(1, 2).reshape(n, n, 9), axis=2) if np.isfinite(pct).any() else None
/home/runner/work/project-paleowave/project-paleowave/tools/v4/model.py:440: RuntimeWarning: All-NaN slice encountered
  blk = np.nanmax(pct[: n * 3, : n * 3].reshape(n, 3, n, 3).swapaxes(1, 2).reshape(n, n, 9), axis=2) if np.isfinite(pct).any() else None
/home/runner/work/project-paleowave/project-paleowave/tools/v4/model.py:440: RuntimeWarning: All-NaN slice encountered
  blk = np.nanmax(pct[: n * 3, : n * 3].reshape(n, 3, n, 3).swapaxes(1, 2).reshape(n, n, 9), axis=2) if np.isfinite(pct).any() else None
/home/runner/work/project-paleowave/project-paleowave/tools/v4/model.py:440: RuntimeWarning: All-NaN slice encountered
  blk = np.nanmax(pct[: n * 3, : n * 3].reshape(n, 3, n, 3).swapaxes(1, 2).reshape(n, n, 9), axis=2) if np.isfinite(pct).any() else None
/home/runner/work/project-paleowave/project-paleowave/tools/v4/model.py:440: RuntimeWarning: All-NaN slice encountered
  blk = np.nanmax(pct[: n * 3, : n * 3].reshape(n, 3, n, 3).swapaxes(1, 2).reshape(n, n, 9), axis=2) if np.isfinite(pct).any() else None
/home/runner/work/project-paleowave/project-paleowave/tools/v4/model.py:440: RuntimeWarning: All-NaN slice encountered
  blk = np.nanmax(pct[: n * 3, : n * 3].reshape(n, 3, n, 3).swapaxes(1, 2).reshape(n, n, 9), axis=2) if np.isfinite(pct).any() else None
/home/runner/work/project-paleowave/project-paleowave/tools/v4/model.py:440: RuntimeWarning: All-NaN slice encountered
  blk = np.nanmax(pct[: n * 3, : n * 3].reshape(n, 3, n, 3).swapaxes(1, 2).reshape(n, n, 9), axis=2) if np.isfinite(pct).any() else None
/home/runner/work/project-paleowave/project-paleowave/tools/v4/model.py:440: RuntimeWarning: All-NaN slice encountered
  blk = np.nanmax(pct[: n * 3, : n * 3].reshape(n, 3, n, 3).swapaxes(1, 2).reshape(n, n, 9), axis=2) if np.isfinite(pct).any() else None
/home/runner/work/project-paleowave/project-paleowave/tools/v4/model.py:440: RuntimeWarning: All-NaN slice encountered
  blk = np.nanmax(pct[: n * 3, : n * 3].reshape(n, 3, n, 3).swapaxes(1, 2).reshape(n, n, 9), axis=2) if np.isfinite(pct).any() else None
/home/runner/work/project-paleowave/project-paleowave/tools/v4/model.py:440: RuntimeWarning: All-NaN slice encountered
  blk = np.nanmax(pct[: n * 3, : n * 3].reshape(n, 3, n, 3).swapaxes(1, 2).reshape(n, n, 9), axis=2) if np.isfinite(pct).any() else None
/home/runner/work/project-paleowave/project-paleowave/tools/v4/model.py:440: RuntimeWarning: All-NaN slice encountered
  blk = np.nanmax(pct[: n * 3, : n * 3].reshape(n, 3, n, 3).swapaxes(1, 2).reshape(n, n, 9), axis=2) if np.isfinite(pct).any() else None
/home/runner/work/project-paleowave/project-paleowave/tools/v4/model.py:440: RuntimeWarning: All-NaN slice encountered
  blk = np.nanmax(pct[: n * 3, : n * 3].reshape(n, 3, n, 3).swapaxes(1, 2).reshape(n, n, 9), axis=2) if np.isfinite(pct).any() else None
/home/runner/work/project-paleowave/project-paleowave/tools/v4/model.py:440: RuntimeWarning: All-NaN slice encountered
  blk = np.nanmax(pct[: n * 3, : n * 3].reshape(n, 3, n, 3).swapaxes(1, 2).reshape(n, n, 9), axis=2) if np.isfinite(pct).any() else None
/home/runner/work/project-paleowave/project-paleowave/tools/v4/model.py:440: RuntimeWarning: All-NaN slice encountered
  blk = np.nanmax(pct[: n * 3, : n * 3].reshape(n, 3, n, 3).swapaxes(1, 2).reshape(n, n, 9), axis=2) if np.isfinite(pct).any() else None
/home/runner/work/project-paleowave/project-paleowave/tools/v4/model.py:440: RuntimeWarning: All-NaN slice encountered
  blk = np.nanmax(pct[: n * 3, : n * 3].reshape(n, 3, n, 3).swapaxes(1, 2).reshape(n, n, 9), axis=2) if np.isfinite(pct).any() else None
/home/runner/work/project-paleowave/project-paleowave/tools/v4/model.py:440: RuntimeWarning: All-NaN slice encountered
  blk = np.nanmax(pct[: n * 3, : n * 3].reshape(n, 3, n, 3).swapaxes(1, 2).reshape(n, n, 9), axis=2) if np.isfinite(pct).any() else None
/home/runner/work/project-paleowave/project-paleowave/tools/v4/model.py:440: RuntimeWarning: All-NaN slice encountered
  blk = np.nanmax(pct[: n * 3, : n * 3].reshape(n, 3, n, 3).swapaxes(1, 2).reshape(n, n, 9), axis=2) if np.isfinite(pct).any() else None
/home/runner/work/project-paleowave/project-paleowave/tools/v4/model.py:440: RuntimeWarning: All-NaN slice encountered
  blk = np.nanmax(pct[: n * 3, : n * 3].reshape(n, 3, n, 3).swapaxes(1, 2).reshape(n, n, 9), axis=2) if np.isfinite(pct).any() else None
/home/runner/work/project-paleowave/project-paleowave/tools/v4/model.py:440: RuntimeWarning: All-NaN slice encountered
  blk = np.nanmax(pct[: n * 3, : n * 3].reshape(n, 3, n, 3).swapaxes(1, 2).reshape(n, n, 9), axis=2) if np.isfinite(pct).any() else None
/home/runner/work/project-paleowave/project-paleowave/tools/v4/model.py:440: RuntimeWarning: All-NaN slice encountered
  blk = np.nanmax(pct[: n * 3, : n * 3].reshape(n, 3, n, 3).swapaxes(1, 2).reshape(n, n, 9), axis=2) if np.isfinite(pct).any() else None
/home/runner/work/project-paleowave/project-paleowave/tools/v4/model.py:440: RuntimeWarning: All-NaN slice encountered
  blk = np.nanmax(pct[: n * 3, : n * 3].reshape(n, 3, n, 3).swapaxes(1, 2).reshape(n, n, 9), axis=2) if np.isfinite(pct).any() else None
/home/runner/work/project-paleowave/project-paleowave/tools/v4/model.py:440: RuntimeWarning: All-NaN slice encountered
  blk = np.nanmax(pct[: n * 3, : n * 3].reshape(n, 3, n, 3).swapaxes(1, 2).reshape(n, n, 9), axis=2) if np.isfinite(pct).any() else None
/home/runner/work/project-paleowave/project-paleowave/tools/v4/model.py:440: RuntimeWarning: All-NaN slice encountered
  blk = np.nanmax(pct[: n * 3, : n * 3].reshape(n, 3, n, 3).swapaxes(1, 2).reshape(n, n, 9), axis=2) if np.isfinite(pct).any() else None
/home/runner/work/project-paleowave/project-paleowave/tools/v4/model.py:440: RuntimeWarning: All-NaN slice encountered
  blk = np.nanmax(pct[: n * 3, : n * 3].reshape(n, 3, n, 3).swapaxes(1, 2).reshape(n, n, 9), axis=2) if np.isfinite(pct).any() else None
/home/runner/work/project-paleowave/project-paleowave/tools/v4/model.py:440: RuntimeWarning: All-NaN slice encountered
  blk = np.nanmax(pct[: n * 3, : n * 3].reshape(n, 3, n, 3).swapaxes(1, 2).reshape(n, n, 9), axis=2) if np.isfinite(pct).any() else None
/home/runner/work/project-paleowave/project-paleowave/tools/v4/model.py:440: RuntimeWarning: All-NaN slice encountered
  blk = np.nanmax(pct[: n * 3, : n * 3].reshape(n, 3, n, 3).swapaxes(1, 2).reshape(n, n, 9), axis=2) if np.isfinite(pct).any() else None
/home/runner/work/project-paleowave/project-paleowave/tools/v4/model.py:440: RuntimeWarning: All-NaN slice encountered
  blk = np.nanmax(pct[: n * 3, : n * 3].reshape(n, 3, n, 3).swapaxes(1, 2).reshape(n, n, 9), axis=2) if np.isfinite(pct).any() else None
/home/runner/work/project-paleowave/project-paleowave/tools/v4/model.py:440: RuntimeWarning: All-NaN slice encountered
  blk = np.nanmax(pct[: n * 3, : n * 3].reshape(n, 3, n, 3).swapaxes(1, 2).reshape(n, n, 9), axis=2) if np.isfinite(pct).any() else None
/home/runner/work/project-paleowave/project-paleowave/tools/v4/model.py:440: RuntimeWarning: All-NaN slice encountered
  blk = np.nanmax(pct[: n * 3, : n * 3].reshape(n, 3, n, 3).swapaxes(1, 2).reshape(n, n, 9), axis=2) if np.isfinite(pct).any() else None
/home/runner/work/project-paleowave/project-paleowave/tools/v4/model.py:440: RuntimeWarning: All-NaN slice encountered
  blk = np.nanmax(pct[: n * 3, : n * 3].reshape(n, 3, n, 3).swapaxes(1, 2).reshape(n, n, 9), axis=2) if np.isfinite(pct).any() else None
/home/runner/work/project-paleowave/project-paleowave/tools/v4/model.py:440: RuntimeWarning: All-NaN slice encountered
  blk = np.nanmax(pct[: n * 3, : n * 3].reshape(n, 3, n, 3).swapaxes(1, 2).reshape(n, n, 9), axis=2) if np.isfinite(pct).any() else None
/home/runner/work/project-paleowave/project-paleowave/tools/v4/model.py:440: RuntimeWarning: All-NaN slice encountered
  blk = np.nanmax(pct[: n * 3, : n * 3].reshape(n, 3, n, 3).swapaxes(1, 2).reshape(n, n, 9), axis=2) if np.isfinite(pct).any() else None
/home/runner/work/project-paleowave/project-paleowave/tools/v4/model.py:440: RuntimeWarning: All-NaN slice encountered
  blk = np.nanmax(pct[: n * 3, : n * 3].reshape(n, 3, n, 3).swapaxes(1, 2).reshape(n, n, 9), axis=2) if np.isfinite(pct).any() else None
/home/runner/work/project-paleowave/project-paleowave/tools/v4/model.py:440: RuntimeWarning: All-NaN slice encountered
  blk = np.nanmax(pct[: n * 3, : n * 3].reshape(n, 3, n, 3).swapaxes(1, 2).reshape(n, n, 9), axis=2) if np.isfinite(pct).any() else None
/home/runner/work/project-paleowave/project-paleowave/tools/v4/model.py:440: RuntimeWarning: All-NaN slice encountered
  blk = np.nanmax(pct[: n * 3, : n * 3].reshape(n, 3, n, 3).swapaxes(1, 2).reshape(n, n, 9), axis=2) if np.isfinite(pct).any() else None
/home/runner/work/project-paleowave/project-paleowave/tools/v4/model.py:440: RuntimeWarning: All-NaN slice encountered
  blk = np.nanmax(pct[: n * 3, : n * 3].reshape(n, 3, n, 3).swapaxes(1, 2).reshape(n, n, 9), axis=2) if np.isfinite(pct).any() else None
/home/runner/work/project-paleowave/project-paleowave/tools/v4/model.py:440: RuntimeWarning: All-NaN slice encountered
  blk = np.nanmax(pct[: n * 3, : n * 3].reshape(n, 3, n, 3).swapaxes(1, 2).reshape(n, n, 9), axis=2) if np.isfinite(pct).any() else None
/home/runner/work/project-paleowave/project-paleowave/tools/v4/model.py:440: RuntimeWarning: All-NaN slice encountered
  blk = np.nanmax(pct[: n * 3, : n * 3].reshape(n, 3, n, 3).swapaxes(1, 2).reshape(n, n, 9), axis=2) if np.isfinite(pct).any() else None
/home/runner/work/project-paleowave/project-paleowave/tools/v4/model.py:440: RuntimeWarning: All-NaN slice encountered
  blk = np.nanmax(pct[: n * 3, : n * 3].reshape(n, 3, n, 3).swapaxes(1, 2).reshape(n, n, 9), axis=2) if np.isfinite(pct).any() else None
/home/runner/work/project-paleowave/project-paleowave/tools/v4/model.py:440: RuntimeWarning: All-NaN slice encountered
  blk = np.nanmax(pct[: n * 3, : n * 3].reshape(n, 3, n, 3).swapaxes(1, 2).reshape(n, n, 9), axis=2) if np.isfinite(pct).any() else None
/home/runner/work/project-paleowave/project-paleowave/tools/v4/model.py:440: RuntimeWarning: All-NaN slice encountered
  blk = np.nanmax(pct[: n * 3, : n * 3].reshape(n, 3, n, 3).swapaxes(1, 2).reshape(n, n, 9), axis=2) if np.isfinite(pct).any() else None
/home/runner/work/project-paleowave/project-paleowave/tools/v4/model.py:440: RuntimeWarning: All-NaN slice encountered
  blk = np.nanmax(pct[: n * 3, : n * 3].reshape(n, 3, n, 3).swapaxes(1, 2).reshape(n, n, 9), axis=2) if np.isfinite(pct).any() else None
/home/runner/work/project-paleowave/project-paleowave/tools/v4/model.py:440: RuntimeWarning: All-NaN slice encountered
  blk = np.nanmax(pct[: n * 3, : n * 3].reshape(n, 3, n, 3).swapaxes(1, 2).reshape(n, n, 9), axis=2) if np.isfinite(pct).any() else None
/home/runner/work/project-paleowave/project-paleowave/tools/v4/model.py:440: RuntimeWarning: All-NaN slice encountered
  blk = np.nanmax(pct[: n * 3, : n * 3].reshape(n, 3, n, 3).swapaxes(1, 2).reshape(n, n, 9), axis=2) if np.isfinite(pct).any() else None
/home/runner/work/project-paleowave/project-paleowave/tools/v4/model.py:440: RuntimeWarning: All-NaN slice encountered
  blk = np.nanmax(pct[: n * 3, : n * 3].reshape(n, 3, n, 3).swapaxes(1, 2).reshape(n, n, 9), axis=2) if np.isfinite(pct).any() else None
/home/runner/work/project-paleowave/project-paleowave/tools/v4/model.py:440: RuntimeWarning: All-NaN slice encountered
  blk = np.nanmax(pct[: n * 3, : n * 3].reshape(n, 3, n, 3).swapaxes(1, 2).reshape(n, n, 9), axis=2) if np.isfinite(pct).any() else None
/home/runner/work/project-paleowave/project-paleowave/tools/v4/model.py:440: RuntimeWarning: All-NaN slice encountered
  blk = np.nanmax(pct[: n * 3, : n * 3].reshape(n, 3, n, 3).swapaxes(1, 2).reshape(n, n, 9), axis=2) if np.isfinite(pct).any() else None
/home/runner/work/project-paleowave/project-paleowave/tools/v4/model.py:440: RuntimeWarning: All-NaN slice encountered
  blk = np.nanmax(pct[: n * 3, : n * 3].reshape(n, 3, n, 3).swapaxes(1, 2).reshape(n, n, 9), axis=2) if np.isfinite(pct).any() else None
/home/runner/work/project-paleowave/project-paleowave/tools/v4/model.py:440: RuntimeWarning: All-NaN slice encountered
  blk = np.nanmax(pct[: n * 3, : n * 3].reshape(n, 3, n, 3).swapaxes(1, 2).reshape(n, n, 9), axis=2) if np.isfinite(pct).any() else None
/home/runner/work/project-paleowave/project-paleowave/tools/v4/model.py:440: RuntimeWarning: All-NaN slice encountered
  blk = np.nanmax(pct[: n * 3, : n * 3].reshape(n, 3, n, 3).swapaxes(1, 2).reshape(n, n, 9), axis=2) if np.isfinite(pct).any() else None
/home/runner/work/project-paleowave/project-paleowave/tools/v4/model.py:440: RuntimeWarning: All-NaN slice encountered
  blk = np.nanmax(pct[: n * 3, : n * 3].reshape(n, 3, n, 3).swapaxes(1, 2).reshape(n, n, 9), axis=2) if np.isfinite(pct).any() else None
/home/runner/work/project-paleowave/project-paleowave/tools/v4/model.py:440: RuntimeWarning: All-NaN slice encountered
  blk = np.nanmax(pct[: n * 3, : n * 3].reshape(n, 3, n, 3).swapaxes(1, 2).reshape(n, n, 9), axis=2) if np.isfinite(pct).any() else None
[   361s] cells in the top 2%: 189040
[   361s] done; targets: 40
