[    14s] units: {'A': 1000, 'B': 2541} km²
[    14s] known places: 16 (13 precise); in search area: 8
[    14s]     place  n  precise formation  in_area  km_to_units
0       1  3     True    Luning     True         0.00
1       2  2     True    Luning    False         2.85
2       3  1     True    Luning     True         0.00
3       4  1     True     Gabbs     True         0.00
4       5  2    False              False        38.92
5       6  2     True    Favret     True         0.18
6       7  2     True    Favret     True         0.00
7       8  1    False    Favret     True         0.00
8       9  1     True    Favret     True         0.00
9      10  1     True    Favret    False         0.66
10     11  5    False     Prida    False         2.78
11     12  2     True              False         2.31
12     13  2     True     Prida     True         0.00
13     14  1     True              False         1.03
14     15  1     True              False         4.14
15     16  1     True              False         1.31
[    14s] tiles: 256
Traceback (most recent call last):
  File "/home/runner/work/project-paleowave/project-paleowave/tools/v4/model.py", line 247, in <module>
    bisp = gpd.GeoSeries([unary_union(polys)], crs=4326).to_crs(CRS).iloc[0].buffer(0)
                          ^^^^^^^^^^^^^^^^^^
  File "/opt/hostedtoolcache/Python/3.12.14/x64/lib/python3.12/site-packages/shapely/ops.py", line 117, in unary_union
    return shapely.union_all(geoms, axis=None)
           ^^^^^^^^^^^^^^^^^^^^^^^^^^^^^^^^^^^
  File "/opt/hostedtoolcache/Python/3.12.14/x64/lib/python3.12/site-packages/shapely/decorators.py", line 173, in wrapper
    result = func(*args, **kwargs)
             ^^^^^^^^^^^^^^^^^^^^^
  File "/opt/hostedtoolcache/Python/3.12.14/x64/lib/python3.12/site-packages/shapely/decorators.py", line 88, in wrapped
    return func(*args, **kwargs)
           ^^^^^^^^^^^^^^^^^^^^^
  File "/opt/hostedtoolcache/Python/3.12.14/x64/lib/python3.12/site-packages/shapely/set_operations.py", line 553, in union_all
    return lib.unary_union(collections, **kwargs)
           ^^^^^^^^^^^^^^^^^^^^^^^^^^^^^^^^^^^^^^
shapely.errors.GEOSException: TopologyException: side location conflict at -117.60987519922416 38.88213872075675. This can occur if the input geometry is invalid.
